es\deusto\spq\ProyectoCinePlus\cliente\util\GUI\VentanaSaldo$1.class
es\deusto\spq\ProyectoCinePlus\cliente\util\GUI\VentanaLogin$2.class
es\deusto\spq\ProyectoCinePlus\cliente\util\GUI\VentanaUsuario.class
es\deusto\spq\ProyectoCinePlus\cliente\util\Conectividad\CinePlusController.class
es\deusto\spq\ProyectoCinePlus\cliente\util\GUI\VentanaPrincipal$5.class
es\deusto\spq\ProyectoCinePlus\servidor\DATA\Usuario.class
es\deusto\spq\ProyectoCinePlus\cliente\util\GUI\VentanaUsuario$1.class
es\deusto\spq\ProyectoCinePlus\cliente\util\Conectividad\RMIServiceLocator.class
es\deusto\spq\ProyectoCinePlus\servidor\DAO\IPeliculaDAO.class
es\deusto\spq\ProyectoCinePlus\servidor\Conectividad\CinePlusFacade.class
es\deusto\spq\ProyectoCinePlus\cliente\util\GUI\VentanaPrincipal$6.class
es\deusto\spq\ProyectoCinePlus\cliente\util\GUI\VentanaLogin.class
es\deusto\spq\ProyectoCinePlus\cliente\util\GUI\VentanaPrincipal$1.class
es\deusto\spq\ProyectoCinePlus\servidor\Conectividad\CinePlusManagerServer$1RMIRegistryRunnable.class
es\deusto\spq\ProyectoCinePlus\servidor\Conectividad\CinePlusManagerServer.class
es\deusto\spq\ProyectoCinePlus\cliente\util\GUI\VentanaPrincipal$4.class
es\deusto\spq\ProyectoCinePlus\cliente\util\GUI\VentanaRegistro$1.class
es\deusto\spq\ProyectoCinePlus\cliente\Cliente.class
es\deusto\spq\ProyectoCinePlus\cliente\util\GUI\VentanaLogin$1.class
es\deusto\spq\ProyectoCinePlus\cliente\util\GUI\VentanaUsuario$3.class
es\deusto\spq\ProyectoCinePlus\cliente\util\GUI\VentanaPrincipal$7.class
es\deusto\spq\ProyectoCinePlus\cliente\util\GUI\VentanaRegistro$2.class
es\deusto\spq\ProyectoCinePlus\servidor\Conectividad\CinePlusManagerServer$1RMIServerRunnable.class
es\deusto\spq\ProyectoCinePlus\cliente\util\GUI\VentanaRegistro.class
es\deusto\spq\ProyectoCinePlus\cliente\util\GUI\VentanaPrincipal$3.class
es\deusto\spq\ProyectoCinePlus\cliente\util\GUI\VentanaUsuario$2.class
es\deusto\spq\ProyectoCinePlus\servidor\Conectividad\CinePlusServer.class
es\deusto\spq\ProyectoCinePlus\cliente\util\GUI\VentanaPrincipal.class
es\deusto\spq\ProyectoCinePlus\cliente\util\GUI\VentanaSaldo$2.class
es\deusto\spq\ProyectoCinePlus\servidor\DAO\UsuarioDAO.class
es\deusto\spq\ProyectoCinePlus\cliente\util\GUI\VentanaSaldo.class
es\deusto\spq\ProyectoCinePlus\servidor\DAO\IUsuarioDAO.class
es\deusto\spq\ProyectoCinePlus\servidor\DATA\Pelicula.class
es\deusto\spq\ProyectoCinePlus\servidor\DAO\PeliculaDAO.class
es\deusto\spq\ProyectoCinePlus\cliente\util\GUI\VentanaPrincipal$2.class
es\deusto\spq\ProyectoCinePlus\servidor\Conectividad\ICinePlus.class
