C:\SoftLabs\CinePlus\BSPQ18-S1\ProyectoCinePlus\src\main\java\es\deusto\spq\ProyectoCinePlus\cliente\Cliente.java
C:\SoftLabs\CinePlus\BSPQ18-S1\ProyectoCinePlus\src\main\java\es\deusto\spq\ProyectoCinePlus\servidor\DAO\PeliculaDAO.java
C:\SoftLabs\CinePlus\BSPQ18-S1\ProyectoCinePlus\src\main\java\es\deusto\spq\ProyectoCinePlus\servidor\DATA\Usuario.java
C:\SoftLabs\CinePlus\BSPQ18-S1\ProyectoCinePlus\src\main\java\es\deusto\spq\ProyectoCinePlus\servidor\Conectividad\CinePlusFacade.java
C:\SoftLabs\CinePlus\BSPQ18-S1\ProyectoCinePlus\src\main\java\es\deusto\spq\ProyectoCinePlus\servidor\Conectividad\CinePlusManagerServer.java
C:\SoftLabs\CinePlus\BSPQ18-S1\ProyectoCinePlus\src\main\java\es\deusto\spq\ProyectoCinePlus\servidor\Conectividad\ICinePlus.java
C:\SoftLabs\CinePlus\BSPQ18-S1\ProyectoCinePlus\src\main\java\es\deusto\spq\ProyectoCinePlus\servidor\DAO\IUsuarioDAO.java
C:\SoftLabs\CinePlus\BSPQ18-S1\ProyectoCinePlus\src\main\java\es\deusto\spq\ProyectoCinePlus\servidor\DAO\UsuarioDAO.java
C:\SoftLabs\CinePlus\BSPQ18-S1\ProyectoCinePlus\src\main\java\es\deusto\spq\ProyectoCinePlus\cliente\util\Conectividad\CinePlusController.java
C:\SoftLabs\CinePlus\BSPQ18-S1\ProyectoCinePlus\src\main\java\es\deusto\spq\ProyectoCinePlus\cliente\util\GUI\VentanaUsuario.java
C:\SoftLabs\CinePlus\BSPQ18-S1\ProyectoCinePlus\src\main\java\es\deusto\spq\ProyectoCinePlus\cliente\util\GUI\VentanaPrincipal.java
C:\SoftLabs\CinePlus\BSPQ18-S1\ProyectoCinePlus\src\main\java\es\deusto\spq\ProyectoCinePlus\cliente\util\Conectividad\RMIServiceLocator.java
C:\SoftLabs\CinePlus\BSPQ18-S1\ProyectoCinePlus\src\main\java\es\deusto\spq\ProyectoCinePlus\servidor\DATA\Pelicula.java
C:\SoftLabs\CinePlus\BSPQ18-S1\ProyectoCinePlus\src\main\java\es\deusto\spq\ProyectoCinePlus\cliente\util\GUI\VentanaLogin.java
C:\SoftLabs\CinePlus\BSPQ18-S1\ProyectoCinePlus\src\main\java\es\deusto\spq\ProyectoCinePlus\cliente\util\GUI\VentanaSaldo.java
C:\SoftLabs\CinePlus\BSPQ18-S1\ProyectoCinePlus\src\main\java\es\deusto\spq\ProyectoCinePlus\servidor\DAO\IPeliculaDAO.java
C:\SoftLabs\CinePlus\BSPQ18-S1\ProyectoCinePlus\src\main\java\es\deusto\spq\ProyectoCinePlus\cliente\util\GUI\VentanaRegistro.java
C:\SoftLabs\CinePlus\BSPQ18-S1\ProyectoCinePlus\src\main\java\es\deusto\spq\ProyectoCinePlus\servidor\Conectividad\CinePlusServer.java
